<html>
<body>
<pre>
<h1>µVision Build Log</h1>
<h2>Project:</h2>
F:\newPrject\NewProduct\NP801\MDK-ARM\NP801.uvproj
Project File Date:  12/26/2016

<h2>Output:</h2>
Build target 'NP801'
linking...
Program Size: Code=37384 RO-data=84992 RW-data=408 ZI-data=15048  
FromELF: creating hex file...
".\NP801\Obj\NP801.axf" - 0 Error(s), 0 Warning(s).
</pre>
</body>
</html>
O-data=84992 RW-data=408 ZI-data=15048  
FromELF: creating hex file...
".\NP801\Obj\NP801.axf" - 0 Error(s), 1 Warning(s).
 declared but never referenced
        U16 i,j,xsize,ysize; 
..\Src\LCD_MD070SD.c: 3 warnings, 0 errors
linking...
Program Size: Code=37384 RO-data=84992 RW-data=408 ZI-data=15048  
FromELF: creating hex file...
".\NP801\Obj\NP801.axf" - 0 Error(s), 3 Warning(s).
g, compiled Feb 13 2014 20:50:02
Firmware: J-Link V9 compiled Jan 29 2015 11:26:22
Hardware: V9.10
S/N : 59106098 
Feature(s) : GDB, RDI, FlashDL, FlashBP, JFlash 
 
* JLink Info: Found SWD-DP with ID 0x1BA01477
* JLink Info: Found SWD-DP with ID 0x1BA01477
* JLink Info: Found Cortex-M3 r1p1, Little endian.
* JLink Info: FPUnit: 6 code (BP) slots and 2 literal slots
* JLink Info: TPIU fitted.
ROMTableAddr = 0xE00FF003
 
Target info:
------------
Device: STM32F103RB
VTarget = 3.269V
State of Pins: 
TCK: 0, TDI: 0, TDO: 0, TMS: 1, TRES: 1, TRST: 0
Hardware-Breakpoints: 6
Software-Breakpoints: 8192
Watchpoints:          4
JTAG speed: 1000 kHz
 
Erase Done.
Programming Done.
Verify OK.
Application running ...

Application running ...
80V
State of Pins: 
TCK: 0, TDI: 0, TDO: 0, TMS: 1, TRES: 1, TRST: 0
Hardware-Breakpoints: 6
Software-Breakpoints: 8192
Watchpoints:          4
JTAG speed: 1000 kHz
 
Erase Done.
Programming Done.
Verify OK.
Application running ...
ex-M3 r1p1, Little endian.
* JLink Info: FPUnit: 6 code (BP) slots and 2 literal slots
* JLink Info: TPIU fitted.
ROMTableAddr = 0xE00FF003
 
Target info:
------------
Device: STM32F103RB
VTarget = 3.269V
State of Pins: 
TCK: 0, TDI: 0, TDO: 0, TMS: 1, TRES: 1, TRST: 0
Hardware-Breakpoints: 6
Software-Breakpoints: 8192
Watchpoints:          4
JTAG speed: 1000 kHz
 
Erase Done.
Programming Done.
Verify OK.
Application running ...
-Breakpoints: 8192
Watchpoints:          4
JTAG speed: 1000 kHz
 
Erase Done.
Programming Done.
Verify OK.
Application running ...
 information, 0 warning and 2 error messages.
".\NP801\Obj\NP801.axf" - 2 Error(s), 13 Warning(s).
Target not created
Config\LCDConf.c: 5 warnings, 0 errors
".\NP801\Obj\NP801.axf" - 6 Error(s), 10 Warning(s).
Target not created
ons with .ANY selector matching stm32f1xx_hal.o(.data).
.\NP801\Obj\NP801.axf: Error: L6406E: No space in execution regions with .ANY selector matching system_stm32f1xx.o(.data).
.\NP801\Obj\NP801.axf: Error: L6406E: No space in execution regions with .ANY selector matching gui_x.o(.data).
.\NP801\Obj\NP801.axf: Error: L6406E: No space in execution regions with .ANY selector matching gui_core.o(.data).
.\NP801\Obj\NP801.axf: Error: L6406E: No space in execution regions with .ANY selector matching gui_core.o(.data).
.\NP801\Obj\NP801.axf: Error: L6406E: No space in execution regions with .ANY selector matching gui_core.o(.data).
.\NP801\Obj\NP801.axf: Error: L6406E: No space in execution regions with .ANY selector matching gui_core.o(.data).
.\NP801\Obj\NP801.axf: Error: L6406E: No space in execution regions with .ANY selector matching gui_core.o(.data).
.\NP801\Obj\NP801.axf: Error: L6406E: No space in execution regions with .ANY selector matching gui_core.o(.data).
.\NP801\Obj\NP801.axf: Error: L6406E: No space in execution regions with .ANY selector matching gui_core.o(.data).
.\NP801\Obj\NP801.axf: Error: L6406E: No space in execution regions with .ANY selector matching gui_charline.o(.data).
.\NP801\Obj\NP801.axf: Error: L6406E: No space in execution regions with .ANY selector matching lcd.o(.data).
.\NP801\Obj\NP801.axf: Error: L6406E: No space in execution regions with .ANY selector matching guidev_banding.o(.data).
.\NP801\Obj\NP801.axf: Error: L6406E: No space in execution regions with .ANY selector matching wm__sendmessage.o(.data).
.\NP801\Obj\NP801.axf: Error: L6406E: No space in execution regions with .ANY selector matching lcd_aa.o(.data).
.\NP801\Obj\NP801.axf: Error: L6406E: No space in execution regions with .ANY selector matching gui_core.o(.data).
.\NP801\Obj\NP801.axf: Error: L6406E: No space in execution regions with .ANY selector matching gui_core.o(.data).
.\NP801\Obj\NP801.axf: Error: L6406E: No space in execution regions with .ANY selector matching gui_core.o(.data).
.\NP801\Obj\NP801.axf: Error: L6406E: No space in execution regions with .ANY selector matching stm32f1xx_hal_spi_ex.o(.data).
.\NP801\Obj\NP801.axf: Error: L6406E: No space in execution regions with .ANY selector matching guidev_staticdevices.o(.data).
.\NP801\Obj\NP801.axf: Error: L6407E: Sections of aggregate size 0xc58 bytes could not fit into .ANY selector(s).
Not enough information to list image symbols.
Not enough information to list the image map.
Finished: 2 information, 0 warning and 41 error messages.
".\NP801\Obj\NP801.axf" - 41 Error(s), 0 Warning(s).
Target not created
